2020-12-29 20:25:53 正式发布完毕
2020-12-30 08:14:19 分支创建完成
2020-12-30 08:14:24 分支创建完成
2020-12-30 08:14:25 分支创建完成
2020-12-30 08:14:25 分支创建完成
2020-12-30 08:14:25 分支创建完成
2020-12-30 08:27:34 分支创建完成
2020-12-30 08:35:30 分支创建完成
2020-12-30 08:47:08 正式发布完成
2020-12-30 08:47:50 正式发布完成
2020-12-30 08:49:35 正式发布完成
2020-12-30 15:02:07 分支创建完成
2020-12-30 15:05:55 预发布完成
2020-12-30 15:19:33 分支创建完成
2020-12-30 15:22:21 预发布完成
2020-12-30 15:24:24 正式发布完成
2020-12-30 16:41:10 分支创建完成
